2026-05-24 13:18:16,167 - server - INFO - Cleaned up 37 stale RUNNING sessions from previous run.
2026-05-24 13:18:16,167 - server - INFO - Warden Server listening on 0.0.0.0:8000 (Raw Sockets)
2026-05-24 13:18:16,167 - server - INFO - Lock monitor loop entering periodic scan mode.
2026-05-24 13:18:16,167 - server - INFO - Lock monitor thread started.
2026-05-24 13:18:18,928 - server - INFO - Accepted connection from ('192.168.1.248', 50009)
2026-05-24 13:18:19,090 - server - INFO - Secure AES session established with ('192.168.1.248', 50009)
2026-05-24 13:18:19,134 - server - INFO - Client authentication: SID=S-1-5-21-1782710462-1921316265-2944239350-1001, purpose=registration
2026-05-24 13:18:19,137 - server - INFO - Registered client for SID S-1-5-21-1782710462-1921316265-2944239350-1001
2026-05-24 13:18:19,222 - server - INFO - Event processed: {'sid': 'S-1-5-21-1782710462-1921316265-2944239350-1001', 'event_name': 'APP_STARTED', 'metadata': {'app': 'sihost.exe', 'pid': 656}, 'timestamp': '2026-05-24T10:18:18.179311+00:00'}
2026-05-24 13:18:19,226 - server - INFO - Event processed: {'sid': 'S-1-5-21-1782710462-1921316265-2944239350-1001', 'event_name': 'APP_STARTED', 'metadata': {'app': 'M365Copilot.exe', 'pid': 896}, 'timestamp': '2026-05-24T10:18:18.183410+00:00'}
2026-05-24 13:18:19,229 - server - INFO - Event processed: {'sid': 'S-1-5-21-1782710462-1921316265-2944239350-1001', 'event_name': 'APP_STARTED', 'metadata': {'app': 'msedge.exe', 'pid': 1244}, 'timestamp': '2026-05-24T10:18:18.187136+00:00'}
2026-05-24 13:18:19,232 - server - INFO - Event processed: {'sid': 'S-1-5-21-1782710462-1921316265-2944239350-1001', 'event_name': 'APP_STARTED', 'metadata': {'app': 'OneDrive.exe', 'pid': 1316}, 'timestamp': '2026-05-24T10:18:18.187815+00:00'}
2026-05-24 13:18:19,233 - server - INFO - Event processed: {'sid': 'S-1-5-21-1782710462-1921316265-2944239350-1001', 'event_name': 'APP_STARTED', 'metadata': {'app': 'msedge.exe', 'pid': 1332}, 'timestamp': '2026-05-24T10:18:18.187984+00:00'}
2026-05-24 13:18:19,239 - server - INFO - Event processed: {'sid': 'S-1-5-21-1782710462-1921316265-2944239350-1001', 'event_name': 'APP_STARTED', 'metadata': {'app': 'RAVCpl64.exe', 'pid': 1716}, 'timestamp': '2026-05-24T10:18:18.189303+00:00'}
2026-05-24 13:18:19,243 - server - INFO - Event processed: {'sid': 'S-1-5-21-1782710462-1921316265-2944239350-1001', 'event_name': 'APP_STARTED', 'metadata': {'app': 'FileCoAuth.exe', 'pid': 1736}, 'timestamp': '2026-05-24T10:18:18.189514+00:00'}
2026-05-24 13:18:19,246 - server - INFO - Event processed: {'sid': 'S-1-5-21-1782710462-1921316265-2944239350-1001', 'event_name': 'APP_STARTED', 'metadata': {'app': 'TextInputHost.exe', 'pid': 1824}, 'timestamp': '2026-05-24T10:18:18.189988+00:00'}
2026-05-24 13:18:19,249 - server - INFO - Event processed: {'sid': 'S-1-5-21-1782710462-1921316265-2944239350-1001', 'event_name': 'APP_STARTED', 'metadata': {'app': 'mmc.exe', 'pid': 1988}, 'timestamp': '2026-05-24T10:18:18.190471+00:00'}
2026-05-24 13:18:19,251 - server - INFO - Event processed: {'sid': 'S-1-5-21-1782710462-1921316265-2944239350-1001', 'event_name': 'APP_STARTED', 'metadata': {'app': 'msedgewebview2.exe', 'pid': 2752}, 'timestamp': '2026-05-24T10:18:18.193575+00:00'}
2026-05-24 13:18:19,256 - server - INFO - Event processed: {'sid': 'S-1-5-21-1782710462-1921316265-2944239350-1001', 'event_name': 'APP_STARTED', 'metadata': {'app': 'conhost.exe', 'pid': 3104}, 'timestamp': '2026-05-24T10:18:18.194961+00:00'}
2026-05-24 13:18:19,260 - server - INFO - Event processed: {'sid': 'S-1-5-21-1782710462-1921316265-2944239350-1001', 'event_name': 'APP_STARTED', 'metadata': {'app': 'dllhost.exe', 'pid': 3244}, 'timestamp': '2026-05-24T10:18:18.195302+00:00'}
2026-05-24 13:18:19,263 - server - INFO - Event processed: {'sid': 'S-1-5-21-1782710462-1921316265-2944239350-1001', 'event_name': 'APP_STARTED', 'metadata': {'app': 'ShellExperienceHost.exe', 'pid': 3324}, 'timestamp': '2026-05-24T10:18:18.195652+00:00'}
2026-05-24 13:18:19,267 - server - INFO - Event processed: {'sid': 'S-1-5-21-1782710462-1921316265-2944239350-1001', 'event_name': 'APP_STARTED', 'metadata': {'app': 'powershell.exe', 'pid': 3376}, 'timestamp': '2026-05-24T10:18:18.195867+00:00'}
2026-05-24 13:18:19,270 - server - INFO - Event processed: {'sid': 'S-1-5-21-1782710462-1921316265-2944239350-1001', 'event_name': 'APP_STARTED', 'metadata': {'app': 'RuntimeBroker.exe', 'pid': 5324}, 'timestamp': '2026-05-24T10:18:18.202453+00:00'}
2026-05-24 13:18:19,272 - server - INFO - Event processed: {'sid': 'S-1-5-21-1782710462-1921316265-2944239350-1001', 'event_name': 'APP_STARTED', 'metadata': {'app': 'RuntimeBroker.exe', 'pid': 5404}, 'timestamp': '2026-05-24T10:18:18.202653+00:00'}
2026-05-24 13:18:19,274 - server - INFO - Event processed: {'sid': 'S-1-5-21-1782710462-1921316265-2944239350-1001', 'event_name': 'APP_STARTED', 'metadata': {'app': 'svchost.exe', 'pid': 5568}, 'timestamp': '2026-05-24T10:18:18.204057+00:00'}
2026-05-24 13:18:19,276 - server - INFO - Event processed: {'sid': 'S-1-5-21-1782710462-1921316265-2944239350-1001', 'event_name': 'APP_STARTED', 'metadata': {'app': 'svchost.exe', 'pid': 5584}, 'timestamp': '2026-05-24T10:18:18.204247+00:00'}
2026-05-24 13:18:19,279 - server - INFO - Event processed: {'sid': 'S-1-5-21-1782710462-1921316265-2944239350-1001', 'event_name': 'APP_STARTED', 'metadata': {'app': 'Code.exe', 'pid': 5632}, 'timestamp': '2026-05-24T10:18:18.204511+00:00'}
2026-05-24 13:18:19,281 - server - INFO - Event processed: {'sid': 'S-1-5-21-1782710462-1921316265-2944239350-1001', 'event_name': 'APP_STARTED', 'metadata': {'app': 'igfxEM.exe', 'pid': 5764}, 'timestamp': '2026-05-24T10:18:18.205043+00:00'}
2026-05-24 13:18:19,285 - server - INFO - Event processed: {'sid': 'S-1-5-21-1782710462-1921316265-2944239350-1001', 'event_name': 'APP_STARTED', 'metadata': {'app': 'taskhostw.exe', 'pid': 5792}, 'timestamp': '2026-05-24T10:18:18.205244+00:00'}
2026-05-24 13:18:19,287 - server - INFO - Event processed: {'sid': 'S-1-5-21-1782710462-1921316265-2944239350-1001', 'event_name': 'APP_STARTED', 'metadata': {'app': 'RuntimeBroker.exe', 'pid': 5860}, 'timestamp': '2026-05-24T10:18:18.205407+00:00'}
2026-05-24 13:18:19,289 - server - INFO - Event processed: {'sid': 'S-1-5-21-1782710462-1921316265-2944239350-1001', 'event_name': 'APP_STARTED', 'metadata': {'app': 'msedgewebview2.exe', 'pid': 5920}, 'timestamp': '2026-05-24T10:18:18.205739+00:00'}
2026-05-24 13:18:19,290 - server - INFO - Event processed: {'sid': 'S-1-5-21-1782710462-1921316265-2944239350-1001', 'event_name': 'APP_STARTED', 'metadata': {'app': 'Code.exe', 'pid': 5996}, 'timestamp': '2026-05-24T10:18:18.205906+00:00'}
2026-05-24 13:18:19,293 - server - INFO - Event processed: {'sid': 'S-1-5-21-1782710462-1921316265-2944239350-1001', 'event_name': 'APP_STARTED', 'metadata': {'app': 'explorer.exe', 'pid': 6128}, 'timestamp': '2026-05-24T10:18:18.206086+00:00'}
2026-05-24 13:18:19,294 - server - INFO - Event processed: {'sid': 'S-1-5-21-1782710462-1921316265-2944239350-1001', 'event_name': 'APP_STARTED', 'metadata': {'app': 'msedge.exe', 'pid': 6300}, 'timestamp': '2026-05-24T10:18:18.206557+00:00'}
2026-05-24 13:18:19,297 - server - INFO - Event processed: {'sid': 'S-1-5-21-1782710462-1921316265-2944239350-1001', 'event_name': 'APP_STARTED', 'metadata': {'app': 'StartMenuExperienceHost.exe', 'pid': 6648}, 'timestamp': '2026-05-24T10:18:18.206932+00:00'}
2026-05-24 13:18:19,298 - server - INFO - Event processed: {'sid': 'S-1-5-21-1782710462-1921316265-2944239350-1001', 'event_name': 'APP_STARTED', 'metadata': {'app': 'msedge.exe', 'pid': 6760}, 'timestamp': '2026-05-24T10:18:18.207093+00:00'}
2026-05-24 13:18:19,300 - server - INFO - Event processed: {'sid': 'S-1-5-21-1782710462-1921316265-2944239350-1001', 'event_name': 'APP_STARTED', 'metadata': {'app': 'Code.exe', 'pid': 6784}, 'timestamp': '2026-05-24T10:18:18.208366+00:00'}
2026-05-24 13:18:19,301 - server - INFO - Event processed: {'sid': 'S-1-5-21-1782710462-1921316265-2944239350-1001', 'event_name': 'APP_STARTED', 'metadata': {'app': 'svchost.exe', 'pid': 6948}, 'timestamp': '2026-05-24T10:18:18.208802+00:00'}
2026-05-24 13:18:19,303 - server - INFO - Event processed: {'sid': 'S-1-5-21-1782710462-1921316265-2944239350-1001', 'event_name': 'APP_STARTED', 'metadata': {'app': 'svchost.exe', 'pid': 7144}, 'timestamp': '2026-05-24T10:18:18.208967+00:00'}
2026-05-24 13:18:19,307 - server - INFO - Event processed: {'sid': 'S-1-5-21-1782710462-1921316265-2944239350-1001', 'event_name': 'APP_STARTED', 'metadata': {'app': 'OpenConsole.exe', 'pid': 7164}, 'timestamp': '2026-05-24T10:18:18.209311+00:00'}
2026-05-24 13:18:19,311 - server - INFO - Event processed: {'sid': 'S-1-5-21-1782710462-1921316265-2944239350-1001', 'event_name': 'APP_STARTED', 'metadata': {'app': 'ctfmon.exe', 'pid': 7352}, 'timestamp': '2026-05-24T10:18:18.209705+00:00'}
2026-05-24 13:18:19,312 - server - INFO - Event processed: {'sid': 'S-1-5-21-1782710462-1921316265-2944239350-1001', 'event_name': 'APP_STARTED', 'metadata': {'app': 'msedgewebview2.exe', 'pid': 7428}, 'timestamp': '2026-05-24T10:18:18.209882+00:00'}
2026-05-24 13:18:19,313 - server - INFO - Event processed: {'sid': 'S-1-5-21-1782710462-1921316265-2944239350-1001', 'event_name': 'APP_STARTED', 'metadata': {'app': 'msedge.exe', 'pid': 7468}, 'timestamp': '2026-05-24T10:18:18.210048+00:00'}
2026-05-24 13:18:19,317 - server - INFO - Event processed: {'sid': 'S-1-5-21-1782710462-1921316265-2944239350-1001', 'event_name': 'APP_STARTED', 'metadata': {'app': 'SearchApp.exe', 'pid': 7576}, 'timestamp': '2026-05-24T10:18:18.210222+00:00'}
2026-05-24 13:18:19,321 - server - INFO - Event processed: {'sid': 'S-1-5-21-1782710462-1921316265-2944239350-1001', 'event_name': 'APP_STARTED', 'metadata': {'app': 'CompPkgSrv.exe', 'pid': 7728}, 'timestamp': '2026-05-24T10:18:18.211671+00:00'}
2026-05-24 13:18:19,323 - server - INFO - Event processed: {'sid': 'S-1-5-21-1782710462-1921316265-2944239350-1001', 'event_name': 'APP_STARTED', 'metadata': {'app': 'RuntimeBroker.exe', 'pid': 7788}, 'timestamp': '2026-05-24T10:18:18.211884+00:00'}
2026-05-24 13:18:19,326 - server - INFO - Event processed: {'sid': 'S-1-5-21-1782710462-1921316265-2944239350-1001', 'event_name': 'APP_STARTED', 'metadata': {'app': 'SearchApp.exe', 'pid': 8024}, 'timestamp': '2026-05-24T10:18:18.212197+00:00'}
2026-05-24 13:18:19,327 - server - INFO - Event processed: {'sid': 'S-1-5-21-1782710462-1921316265-2944239350-1001', 'event_name': 'APP_STARTED', 'metadata': {'app': 'msedgewebview2.exe', 'pid': 8068}, 'timestamp': '2026-05-24T10:18:18.212359+00:00'}
2026-05-24 13:18:19,329 - server - INFO - Event processed: {'sid': 'S-1-5-21-1782710462-1921316265-2944239350-1001', 'event_name': 'APP_STARTED', 'metadata': {'app': 'msedgewebview2.exe', 'pid': 8332}, 'timestamp': '2026-05-24T10:18:18.213725+00:00'}
2026-05-24 13:18:19,332 - server - INFO - Event processed: {'sid': 'S-1-5-21-1782710462-1921316265-2944239350-1001', 'event_name': 'APP_STARTED', 'metadata': {'app': 'ApplicationFrameHost.exe', 'pid': 8400}, 'timestamp': '2026-05-24T10:18:18.213989+00:00'}
2026-05-24 13:18:19,334 - server - INFO - Event processed: {'sid': 'S-1-5-21-1782710462-1921316265-2944239350-1001', 'event_name': 'APP_STARTED', 'metadata': {'app': 'Code.exe', 'pid': 8628}, 'timestamp': '2026-05-24T10:18:18.214304+00:00'}
2026-05-24 13:18:19,337 - server - INFO - Event processed: {'sid': 'S-1-5-21-1782710462-1921316265-2944239350-1001', 'event_name': 'APP_STARTED', 'metadata': {'app': 'UserOOBEBroker.exe', 'pid': 8704}, 'timestamp': '2026-05-24T10:18:18.214509+00:00'}
2026-05-24 13:18:19,338 - server - INFO - Event processed: {'sid': 'S-1-5-21-1782710462-1921316265-2944239350-1001', 'event_name': 'APP_STARTED', 'metadata': {'app': 'msedge.exe', 'pid': 8888}, 'timestamp': '2026-05-24T10:18:18.214670+00:00'}
2026-05-24 13:18:19,339 - server - INFO - Event processed: {'sid': 'S-1-5-21-1782710462-1921316265-2944239350-1001', 'event_name': 'APP_STARTED', 'metadata': {'app': 'msedgewebview2.exe', 'pid': 9000}, 'timestamp': '2026-05-24T10:18:18.215019+00:00'}
2026-05-24 13:18:19,344 - server - INFO - Event processed: {'sid': 'S-1-5-21-1782710462-1921316265-2944239350-1001', 'event_name': 'APP_STARTED', 'metadata': {'app': 'RAVBg64.exe', 'pid': 9068}, 'timestamp': '2026-05-24T10:18:18.215214+00:00'}
2026-05-24 13:18:19,345 - server - INFO - Event processed: {'sid': 'S-1-5-21-1782710462-1921316265-2944239350-1001', 'event_name': 'APP_STARTED', 'metadata': {'app': 'svchost.exe', 'pid': 9276}, 'timestamp': '2026-05-24T10:18:18.215373+00:00'}
2026-05-24 13:18:19,349 - server - INFO - Event processed: {'sid': 'S-1-5-21-1782710462-1921316265-2944239350-1001', 'event_name': 'APP_STARTED', 'metadata': {'app': 'SecurityHealthSystray.exe', 'pid': 9352}, 'timestamp': '2026-05-24T10:18:18.215587+00:00'}
2026-05-24 13:18:19,350 - server - INFO - Event processed: {'sid': 'S-1-5-21-1782710462-1921316265-2944239350-1001', 'event_name': 'APP_STARTED', 'metadata': {'app': 'msedge.exe', 'pid': 9376}, 'timestamp': '2026-05-24T10:18:18.215762+00:00'}
2026-05-24 13:18:19,351 - server - INFO - Event processed: {'sid': 'S-1-5-21-1782710462-1921316265-2944239350-1001', 'event_name': 'APP_STARTED', 'metadata': {'app': 'msedge.exe', 'pid': 9488}, 'timestamp': '2026-05-24T10:18:18.216128+00:00'}
2026-05-24 13:18:19,353 - server - INFO - Event processed: {'sid': 'S-1-5-21-1782710462-1921316265-2944239350-1001', 'event_name': 'APP_STARTED', 'metadata': {'app': 'msedgewebview2.exe', 'pid': 9860}, 'timestamp': '2026-05-24T10:18:18.217897+00:00'}
2026-05-24 13:18:19,357 - server - INFO - Event processed: {'sid': 'S-1-5-21-1782710462-1921316265-2944239350-1001', 'event_name': 'APP_STARTED', 'metadata': {'app': 'msedgewebview2.exe', 'pid': 9876}, 'timestamp': '2026-05-24T10:18:18.218252+00:00'}
2026-05-24 13:18:19,358 - server - INFO - Event processed: {'sid': 'S-1-5-21-1782710462-1921316265-2944239350-1001', 'event_name': 'APP_STARTED', 'metadata': {'app': 'conhost.exe', 'pid': 10220}, 'timestamp': '2026-05-24T10:18:18.218924+00:00'}
2026-05-24 13:18:19,361 - server - INFO - Event processed: {'sid': 'S-1-5-21-1782710462-1921316265-2944239350-1001', 'event_name': 'APP_STARTED', 'metadata': {'app': 'PhoneExperienceHost.exe', 'pid': 10228}, 'timestamp': '2026-05-24T10:18:18.219137+00:00'}
2026-05-24 13:18:19,363 - server - INFO - Event processed: {'sid': 'S-1-5-21-1782710462-1921316265-2944239350-1001', 'event_name': 'APP_STARTED', 'metadata': {'app': 'Code.exe', 'pid': 10456}, 'timestamp': '2026-05-24T10:18:18.219315+00:00'}
2026-05-24 13:18:19,364 - server - INFO - Event processed: {'sid': 'S-1-5-21-1782710462-1921316265-2944239350-1001', 'event_name': 'APP_STARTED', 'metadata': {'app': 'RuntimeBroker.exe', 'pid': 11092}, 'timestamp': '2026-05-24T10:18:18.219618+00:00'}
2026-05-24 13:18:19,368 - server - INFO - Event processed: {'sid': 'S-1-5-21-1782710462-1921316265-2944239350-1001', 'event_name': 'APP_STARTED', 'metadata': {'app': 'OneDrive.Sync.Service.exe', 'pid': 11256}, 'timestamp': '2026-05-24T10:18:18.219975+00:00'}
2026-05-24 13:18:19,371 - server - INFO - Event processed: {'sid': 'S-1-5-21-1782710462-1921316265-2944239350-1001', 'event_name': 'APP_STARTED', 'metadata': {'app': 'SystemSettings.exe', 'pid': 11260}, 'timestamp': '2026-05-24T10:18:18.220187+00:00'}
2026-05-24 13:18:19,373 - server - INFO - Event processed: {'sid': 'S-1-5-21-1782710462-1921316265-2944239350-1001', 'event_name': 'APP_STARTED', 'metadata': {'app': 'msedgewebview2.exe', 'pid': 11332}, 'timestamp': '2026-05-24T10:18:18.220353+00:00'}
2026-05-24 13:18:19,375 - server - INFO - Event processed: {'sid': 'S-1-5-21-1782710462-1921316265-2944239350-1001', 'event_name': 'APP_STARTED', 'metadata': {'app': 'msedge.exe', 'pid': 11660}, 'timestamp': '2026-05-24T10:18:18.220956+00:00'}
2026-05-24 13:18:19,376 - server - INFO - Event processed: {'sid': 'S-1-5-21-1782710462-1921316265-2944239350-1001', 'event_name': 'APP_STARTED', 'metadata': {'app': 'Code.exe', 'pid': 11760}, 'timestamp': '2026-05-24T10:18:18.221128+00:00'}
2026-05-24 13:18:19,378 - server - INFO - Event processed: {'sid': 'S-1-5-21-1782710462-1921316265-2944239350-1001', 'event_name': 'APP_STARTED', 'metadata': {'app': 'msedgewebview2.exe', 'pid': 12048}, 'timestamp': '2026-05-24T10:18:18.221593+00:00'}
2026-05-24 13:18:19,379 - server - INFO - Event processed: {'sid': 'S-1-5-21-1782710462-1921316265-2944239350-1001', 'event_name': 'APP_STARTED', 'metadata': {'app': 'RuntimeBroker.exe', 'pid': 12084}, 'timestamp': '2026-05-24T10:18:18.221755+00:00'}
2026-05-24 13:18:19,380 - server - INFO - Event processed: {'sid': 'S-1-5-21-1782710462-1921316265-2944239350-1001', 'event_name': 'APP_STARTED', 'metadata': {'app': 'Code.exe', 'pid': 12296}, 'timestamp': '2026-05-24T10:18:18.221919+00:00'}
2026-05-24 13:18:19,382 - server - INFO - Event processed: {'sid': 'S-1-5-21-1782710462-1921316265-2944239350-1001', 'event_name': 'APP_STARTED', 'metadata': {'app': 'msedge.exe', 'pid': 12424}, 'timestamp': '2026-05-24T10:18:18.222231+00:00'}
2026-05-24 13:18:19,383 - server - INFO - Event processed: {'sid': 'S-1-5-21-1782710462-1921316265-2944239350-1001', 'event_name': 'APP_STARTED', 'metadata': {'app': 'msedgewebview2.exe', 'pid': 12564}, 'timestamp': '2026-05-24T10:18:18.222417+00:00'}
2026-05-24 13:18:19,386 - server - INFO - Event processed: {'sid': 'S-1-5-21-1782710462-1921316265-2944239350-1001', 'event_name': 'APP_STARTED', 'metadata': {'app': 'Taskmgr.exe', 'pid': 12784}, 'timestamp': '2026-05-24T10:18:18.222996+00:00'}
2026-05-24 13:18:19,388 - server - INFO - Event processed: {'sid': 'S-1-5-21-1782710462-1921316265-2944239350-1001', 'event_name': 'APP_STARTED', 'metadata': {'app': 'conhost.exe', 'pid': 13032}, 'timestamp': '2026-05-24T10:18:18.223157+00:00'}
2026-05-24 13:18:19,389 - server - INFO - Event processed: {'sid': 'S-1-5-21-1782710462-1921316265-2944239350-1001', 'event_name': 'APP_STARTED', 'metadata': {'app': 'msedgewebview2.exe', 'pid': 13252}, 'timestamp': '2026-05-24T10:18:18.223473+00:00'}
2026-05-24 13:18:19,392 - server - INFO - Event processed: {'sid': 'S-1-5-21-1782710462-1921316265-2944239350-1001', 'event_name': 'APP_STARTED', 'metadata': {'app': 'pet.exe', 'pid': 13536}, 'timestamp': '2026-05-24T10:18:18.224842+00:00'}
2026-05-24 13:18:19,394 - server - INFO - Event processed: {'sid': 'S-1-5-21-1782710462-1921316265-2944239350-1001', 'event_name': 'APP_STARTED', 'metadata': {'app': 'msedge.exe', 'pid': 14300}, 'timestamp': '2026-05-24T10:18:18.225900+00:00'}
2026-05-24 13:18:19,395 - server - INFO - Event processed: {'sid': 'S-1-5-21-1782710462-1921316265-2944239350-1001', 'event_name': 'APP_STARTED', 'metadata': {'app': 'Code.exe', 'pid': 14388}, 'timestamp': '2026-05-24T10:18:18.226085+00:00'}
2026-05-24 13:18:19,397 - server - INFO - Event processed: {'sid': 'S-1-5-21-1782710462-1921316265-2944239350-1001', 'event_name': 'APP_STARTED', 'metadata': {'app': 'Code.exe', 'pid': 14644}, 'timestamp': '2026-05-24T10:18:18.226495+00:00'}
2026-05-24 13:18:19,399 - server - INFO - Event processed: {'sid': 'S-1-5-21-1782710462-1921316265-2944239350-1001', 'event_name': 'APP_STARTED', 'metadata': {'app': 'cmd.exe', 'pid': 14756}, 'timestamp': '2026-05-24T10:18:18.226705+00:00'}
2026-05-24 13:18:19,401 - server - INFO - Event processed: {'sid': 'S-1-5-21-1782710462-1921316265-2944239350-1001', 'event_name': 'APP_STARTED', 'metadata': {'app': 'mmc.exe', 'pid': 14960}, 'timestamp': '2026-05-24T10:18:18.227012+00:00'}
2026-05-24 13:18:19,403 - server - INFO - Event processed: {'sid': 'S-1-5-21-1782710462-1921316265-2944239350-1001', 'event_name': 'APP_STARTED', 'metadata': {'app': 'msedge.exe', 'pid': 15120}, 'timestamp': '2026-05-24T10:18:18.227630+00:00'}
2026-05-24 13:18:19,406 - server - INFO - Event processed: {'sid': 'S-1-5-21-1782710462-1921316265-2944239350-1001', 'event_name': 'APP_STARTED', 'metadata': {'app': 'LockApp.exe', 'pid': 15836}, 'timestamp': '2026-05-24T10:18:18.228440+00:00'}
2026-05-24 13:18:19,409 - server - INFO - Event processed: {'sid': 'S-1-5-21-1782710462-1921316265-2944239350-1001', 'event_name': 'APP_STARTED', 'metadata': {'app': 'Code.exe', 'pid': 15868}, 'timestamp': '2026-05-24T10:18:18.228613+00:00'}
2026-05-24 13:18:19,410 - server - INFO - Event processed: {'sid': 'S-1-5-21-1782710462-1921316265-2944239350-1001', 'event_name': 'APP_STARTED', 'metadata': {'app': 'RuntimeBroker.exe', 'pid': 16128}, 'timestamp': '2026-05-24T10:18:18.228785+00:00'}
2026-05-24 13:18:19,412 - server - INFO - Event processed: {'sid': 'S-1-5-21-1782710462-1921316265-2944239350-1001', 'event_name': 'APP_STARTED', 'metadata': {'app': 'msedge.exe', 'pid': 16488}, 'timestamp': '2026-05-24T10:18:18.228952+00:00'}
2026-05-24 13:18:19,413 - server - INFO - Event processed: {'sid': 'S-1-5-21-1782710462-1921316265-2944239350-1001', 'event_name': 'APP_STARTED', 'metadata': {'app': 'pet.exe', 'pid': 16892}, 'timestamp': '2026-05-24T10:18:18.230244+00:00'}
2026-05-24 13:18:19,416 - server - INFO - Event processed: {'sid': 'S-1-5-21-1782710462-1921316265-2944239350-1001', 'event_name': 'APP_STARTED', 'metadata': {'app': 'notepad.exe', 'pid': 17036}, 'timestamp': '2026-05-24T10:18:18.230428+00:00'}
2026-05-24 13:18:19,417 - server - INFO - Pushing time_up command to SID S-1-5-21-1782710462-1921316265-2944239350-1001 for app notepad.exe
2026-05-24 13:18:19,417 - server - INFO - Sent time_up command to S-1-5-21-1782710462-1921316265-2944239350-1001
2026-05-24 13:18:19,432 - server - INFO - Accepted connection from ('127.0.0.1', 64381)
2026-05-24 13:18:19,456 - server - INFO - Secure AES session established with ('127.0.0.1', 64381)
2026-05-24 13:18:19,456 - server - INFO - Client authentication: SID=ADMIN_EVENTS, purpose=admin_events
2026-05-24 13:18:19,456 - server - INFO - Registered client for SID ADMIN_EVENTS
2026-05-24 13:18:26,172 - server - INFO - Session overdue for SID S-1-5-21-1782710462-1921316265-2944239350-1001, app notepad.exe: used=2.00, active=0.00, allowed=0.0
2026-05-24 13:18:26,172 - server - INFO - Pushing time_up command to SID S-1-5-21-1782710462-1921316265-2944239350-1001 for app notepad.exe
2026-05-24 13:18:26,177 - server - INFO - Sent time_up command to S-1-5-21-1782710462-1921316265-2944239350-1001
2026-05-24 13:18:44,589 - server - INFO - Event processed: {'sid': 'S-1-5-21-1782710462-1921316265-2944239350-1001', 'event_name': 'APP_STOPPED', 'metadata': {'app': 'msedge.exe', 'pid': 11660}, 'timestamp': '2026-05-24T10:18:43.597514+00:00'}
2026-05-24 13:18:49,376 - server - INFO - Accepted connection from ('127.0.0.1', 61080)
2026-05-24 13:18:49,378 - server - INFO - Secure AES session established with ('127.0.0.1', 61080)
2026-05-24 13:18:49,378 - server - INFO - Client authentication: SID=ADMIN_PANEL, purpose=admin_dashboard
2026-05-24 13:18:49,378 - server - INFO - Registered client for SID ADMIN_PANEL
2026-05-24 13:19:30,231 - server - INFO - Event processed: {'sid': 'S-1-5-21-1782710462-1921316265-2944239350-1001', 'event_name': 'APP_STOPPED', 'metadata': {'app': 'notepad.exe', 'pid': 17036}, 'timestamp': '2026-05-24T10:19:29.237394+00:00'}
2026-05-24 13:19:30,231 - server - INFO - Pushing time_up command to SID S-1-5-21-1782710462-1921316265-2944239350-1001 for app notepad.exe
2026-05-24 13:19:30,231 - server - INFO - Sent time_up command to S-1-5-21-1782710462-1921316265-2944239350-1001
2026-05-24 13:19:39,346 - server - INFO - Unregistered client for SID S-1-5-21-1782710462-1921316265-2944239350-1001
2026-05-24 13:19:39,346 - server - INFO - Connection closed for ('192.168.1.248', 50009)
2026-05-24 13:19:46,238 - server - INFO - Accepted connection from ('192.168.1.248', 50021)
2026-05-24 13:19:46,255 - server - INFO - Secure AES session established with ('192.168.1.248', 50021)
2026-05-24 13:19:46,301 - server - INFO - Client authentication: SID=S-1-5-21-1782710462-1921316265-2944239350-1001, purpose=registration
2026-05-24 13:19:46,305 - server - INFO - Registered client for SID S-1-5-21-1782710462-1921316265-2944239350-1001
2026-05-24 13:19:46,379 - server - INFO - Event processed: {'sid': 'S-1-5-21-1782710462-1921316265-2944239350-1001', 'event_name': 'APP_STARTED', 'metadata': {'app': 'sihost.exe', 'pid': 656}, 'timestamp': '2026-05-24T10:19:45.319082+00:00'}
2026-05-24 13:19:46,379 - server - INFO - Event processed: {'sid': 'S-1-5-21-1782710462-1921316265-2944239350-1001', 'event_name': 'APP_STARTED', 'metadata': {'app': 'M365Copilot.exe', 'pid': 896}, 'timestamp': '2026-05-24T10:19:45.323395+00:00'}
2026-05-24 13:19:46,388 - server - INFO - Event processed: {'sid': 'S-1-5-21-1782710462-1921316265-2944239350-1001', 'event_name': 'APP_STARTED', 'metadata': {'app': 'msedge.exe', 'pid': 1244}, 'timestamp': '2026-05-24T10:19:45.329901+00:00'}
2026-05-24 13:19:46,390 - server - INFO - Event processed: {'sid': 'S-1-5-21-1782710462-1921316265-2944239350-1001', 'event_name': 'APP_STARTED', 'metadata': {'app': 'OneDrive.exe', 'pid': 1316}, 'timestamp': '2026-05-24T10:19:45.331922+00:00'}
2026-05-24 13:19:46,390 - server - INFO - Event processed: {'sid': 'S-1-5-21-1782710462-1921316265-2944239350-1001', 'event_name': 'APP_STARTED', 'metadata': {'app': 'msedge.exe', 'pid': 1332}, 'timestamp': '2026-05-24T10:19:45.332181+00:00'}
2026-05-24 13:19:46,395 - server - INFO - Event processed: {'sid': 'S-1-5-21-1782710462-1921316265-2944239350-1001', 'event_name': 'APP_STARTED', 'metadata': {'app': 'RAVCpl64.exe', 'pid': 1716}, 'timestamp': '2026-05-24T10:19:45.333829+00:00'}
2026-05-24 13:19:46,397 - server - INFO - Event processed: {'sid': 'S-1-5-21-1782710462-1921316265-2944239350-1001', 'event_name': 'APP_STARTED', 'metadata': {'app': 'FileCoAuth.exe', 'pid': 1736}, 'timestamp': '2026-05-24T10:19:45.334080+00:00'}
2026-05-24 13:19:46,399 - server - INFO - Event processed: {'sid': 'S-1-5-21-1782710462-1921316265-2944239350-1001', 'event_name': 'APP_STARTED', 'metadata': {'app': 'TextInputHost.exe', 'pid': 1824}, 'timestamp': '2026-05-24T10:19:45.334598+00:00'}
2026-05-24 13:19:46,399 - server - INFO - Event processed: {'sid': 'S-1-5-21-1782710462-1921316265-2944239350-1001', 'event_name': 'APP_STARTED', 'metadata': {'app': 'mmc.exe', 'pid': 1988}, 'timestamp': '2026-05-24T10:19:45.335243+00:00'}
2026-05-24 13:19:46,401 - server - INFO - Event processed: {'sid': 'S-1-5-21-1782710462-1921316265-2944239350-1001', 'event_name': 'APP_STARTED', 'metadata': {'app': 'msedgewebview2.exe', 'pid': 2752}, 'timestamp': '2026-05-24T10:19:45.338550+00:00'}
2026-05-24 13:19:46,405 - server - INFO - Event processed: {'sid': 'S-1-5-21-1782710462-1921316265-2944239350-1001', 'event_name': 'APP_STARTED', 'metadata': {'app': 'conhost.exe', 'pid': 3104}, 'timestamp': '2026-05-24T10:19:45.340076+00:00'}
2026-05-24 13:19:46,407 - server - INFO - Event processed: {'sid': 'S-1-5-21-1782710462-1921316265-2944239350-1001', 'event_name': 'APP_STARTED', 'metadata': {'app': 'net.exe', 'pid': 3176}, 'timestamp': '2026-05-24T10:19:45.340285+00:00'}
2026-05-24 13:19:46,411 - server - INFO - Event processed: {'sid': 'S-1-5-21-1782710462-1921316265-2944239350-1001', 'event_name': 'APP_STARTED', 'metadata': {'app': 'dllhost.exe', 'pid': 3244}, 'timestamp': '2026-05-24T10:19:45.340626+00:00'}
2026-05-24 13:19:46,411 - server - INFO - Event processed: {'sid': 'S-1-5-21-1782710462-1921316265-2944239350-1001', 'event_name': 'APP_STARTED', 'metadata': {'app': 'ShellExperienceHost.exe', 'pid': 3324}, 'timestamp': '2026-05-24T10:19:45.340978+00:00'}
2026-05-24 13:19:46,414 - server - INFO - Event processed: {'sid': 'S-1-5-21-1782710462-1921316265-2944239350-1001', 'event_name': 'APP_STARTED', 'metadata': {'app': 'powershell.exe', 'pid': 3376}, 'timestamp': '2026-05-24T10:19:45.341180+00:00'}
2026-05-24 13:19:46,414 - server - INFO - Event processed: {'sid': 'S-1-5-21-1782710462-1921316265-2944239350-1001', 'event_name': 'APP_STARTED', 'metadata': {'app': 'RuntimeBroker.exe', 'pid': 5324}, 'timestamp': '2026-05-24T10:19:45.351314+00:00'}
2026-05-24 13:19:46,414 - server - INFO - Event processed: {'sid': 'S-1-5-21-1782710462-1921316265-2944239350-1001', 'event_name': 'APP_STARTED', 'metadata': {'app': 'RuntimeBroker.exe', 'pid': 5404}, 'timestamp': '2026-05-24T10:19:45.351499+00:00'}
2026-05-24 13:19:46,418 - server - INFO - Event processed: {'sid': 'S-1-5-21-1782710462-1921316265-2944239350-1001', 'event_name': 'APP_STARTED', 'metadata': {'app': 'svchost.exe', 'pid': 5568}, 'timestamp': '2026-05-24T10:19:45.353060+00:00'}
2026-05-24 13:19:46,420 - server - INFO - Event processed: {'sid': 'S-1-5-21-1782710462-1921316265-2944239350-1001', 'event_name': 'APP_STARTED', 'metadata': {'app': 'svchost.exe', 'pid': 5584}, 'timestamp': '2026-05-24T10:19:45.353244+00:00'}
2026-05-24 13:19:46,422 - server - INFO - Event processed: {'sid': 'S-1-5-21-1782710462-1921316265-2944239350-1001', 'event_name': 'APP_STARTED', 'metadata': {'app': 'Code.exe', 'pid': 5632}, 'timestamp': '2026-05-24T10:19:45.353546+00:00'}
2026-05-24 13:19:46,422 - server - INFO - Event processed: {'sid': 'S-1-5-21-1782710462-1921316265-2944239350-1001', 'event_name': 'APP_STARTED', 'metadata': {'app': 'igfxEM.exe', 'pid': 5764}, 'timestamp': '2026-05-24T10:19:45.354054+00:00'}
2026-05-24 13:19:46,426 - server - INFO - Event processed: {'sid': 'S-1-5-21-1782710462-1921316265-2944239350-1001', 'event_name': 'APP_STARTED', 'metadata': {'app': 'taskhostw.exe', 'pid': 5792}, 'timestamp': '2026-05-24T10:19:45.354272+00:00'}
2026-05-24 13:19:46,428 - server - INFO - Event processed: {'sid': 'S-1-5-21-1782710462-1921316265-2944239350-1001', 'event_name': 'APP_STARTED', 'metadata': {'app': 'RuntimeBroker.exe', 'pid': 5860}, 'timestamp': '2026-05-24T10:19:45.354433+00:00'}
2026-05-24 13:19:46,428 - server - INFO - Event processed: {'sid': 'S-1-5-21-1782710462-1921316265-2944239350-1001', 'event_name': 'APP_STARTED', 'metadata': {'app': 'msedgewebview2.exe', 'pid': 5920}, 'timestamp': '2026-05-24T10:19:45.354760+00:00'}
2026-05-24 13:19:46,431 - server - INFO - Event processed: {'sid': 'S-1-5-21-1782710462-1921316265-2944239350-1001', 'event_name': 'APP_STARTED', 'metadata': {'app': 'Code.exe', 'pid': 5996}, 'timestamp': '2026-05-24T10:19:45.354925+00:00'}
2026-05-24 13:19:46,431 - server - INFO - Event processed: {'sid': 'S-1-5-21-1782710462-1921316265-2944239350-1001', 'event_name': 'APP_STARTED', 'metadata': {'app': 'explorer.exe', 'pid': 6128}, 'timestamp': '2026-05-24T10:19:45.355104+00:00'}
2026-05-24 13:19:46,435 - server - INFO - Event processed: {'sid': 'S-1-5-21-1782710462-1921316265-2944239350-1001', 'event_name': 'APP_STARTED', 'metadata': {'app': 'msedge.exe', 'pid': 6300}, 'timestamp': '2026-05-24T10:19:45.355577+00:00'}
2026-05-24 13:19:46,439 - server - INFO - Event processed: {'sid': 'S-1-5-21-1782710462-1921316265-2944239350-1001', 'event_name': 'APP_STARTED', 'metadata': {'app': 'StartMenuExperienceHost.exe', 'pid': 6648}, 'timestamp': '2026-05-24T10:19:45.355939+00:00'}
2026-05-24 13:19:46,439 - server - INFO - Event processed: {'sid': 'S-1-5-21-1782710462-1921316265-2944239350-1001', 'event_name': 'APP_STARTED', 'metadata': {'app': 'msedge.exe', 'pid': 6760}, 'timestamp': '2026-05-24T10:19:45.356101+00:00'}
2026-05-24 13:19:46,439 - server - INFO - Event processed: {'sid': 'S-1-5-21-1782710462-1921316265-2944239350-1001', 'event_name': 'APP_STARTED', 'metadata': {'app': 'Code.exe', 'pid': 6784}, 'timestamp': '2026-05-24T10:19:45.358002+00:00'}
2026-05-24 13:19:46,443 - server - INFO - Event processed: {'sid': 'S-1-5-21-1782710462-1921316265-2944239350-1001', 'event_name': 'APP_STARTED', 'metadata': {'app': 'svchost.exe', 'pid': 6948}, 'timestamp': '2026-05-24T10:19:45.358469+00:00'}
2026-05-24 13:19:46,447 - server - INFO - Event processed: {'sid': 'S-1-5-21-1782710462-1921316265-2944239350-1001', 'event_name': 'APP_STARTED', 'metadata': {'app': 'svchost.exe', 'pid': 7144}, 'timestamp': '2026-05-24T10:19:45.358632+00:00'}
2026-05-24 13:19:46,447 - server - INFO - Event processed: {'sid': 'S-1-5-21-1782710462-1921316265-2944239350-1001', 'event_name': 'APP_STARTED', 'metadata': {'app': 'OpenConsole.exe', 'pid': 7164}, 'timestamp': '2026-05-24T10:19:45.359104+00:00'}
2026-05-24 13:19:46,447 - server - INFO - Event processed: {'sid': 'S-1-5-21-1782710462-1921316265-2944239350-1001', 'event_name': 'APP_STARTED', 'metadata': {'app': 'ctfmon.exe', 'pid': 7352}, 'timestamp': '2026-05-24T10:19:45.359520+00:00'}
2026-05-24 13:19:46,447 - server - INFO - Event processed: {'sid': 'S-1-5-21-1782710462-1921316265-2944239350-1001', 'event_name': 'APP_STARTED', 'metadata': {'app': 'msedgewebview2.exe', 'pid': 7428}, 'timestamp': '2026-05-24T10:19:45.359686+00:00'}
2026-05-24 13:19:46,454 - server - INFO - Event processed: {'sid': 'S-1-5-21-1782710462-1921316265-2944239350-1001', 'event_name': 'APP_STARTED', 'metadata': {'app': 'msedge.exe', 'pid': 7468}, 'timestamp': '2026-05-24T10:19:45.359849+00:00'}
2026-05-24 13:19:46,455 - server - INFO - Event processed: {'sid': 'S-1-5-21-1782710462-1921316265-2944239350-1001', 'event_name': 'APP_STARTED', 'metadata': {'app': 'SearchApp.exe', 'pid': 7576}, 'timestamp': '2026-05-24T10:19:45.360023+00:00'}
2026-05-24 13:19:46,457 - server - INFO - Event processed: {'sid': 'S-1-5-21-1782710462-1921316265-2944239350-1001', 'event_name': 'APP_STARTED', 'metadata': {'app': 'CompPkgSrv.exe', 'pid': 7728}, 'timestamp': '2026-05-24T10:19:45.361661+00:00'}
2026-05-24 13:19:46,457 - server - INFO - Event processed: {'sid': 'S-1-5-21-1782710462-1921316265-2944239350-1001', 'event_name': 'APP_STARTED', 'metadata': {'app': 'RuntimeBroker.exe', 'pid': 7788}, 'timestamp': '2026-05-24T10:19:45.361884+00:00'}
2026-05-24 13:19:46,457 - server - INFO - Event processed: {'sid': 'S-1-5-21-1782710462-1921316265-2944239350-1001', 'event_name': 'APP_STARTED', 'metadata': {'app': 'SearchApp.exe', 'pid': 8024}, 'timestamp': '2026-05-24T10:19:45.362246+00:00'}
2026-05-24 13:19:46,457 - server - INFO - Event processed: {'sid': 'S-1-5-21-1782710462-1921316265-2944239350-1001', 'event_name': 'APP_STARTED', 'metadata': {'app': 'msedgewebview2.exe', 'pid': 8068}, 'timestamp': '2026-05-24T10:19:45.362533+00:00'}
2026-05-24 13:19:46,464 - server - INFO - Event processed: {'sid': 'S-1-5-21-1782710462-1921316265-2944239350-1001', 'event_name': 'APP_STARTED', 'metadata': {'app': 'msedgewebview2.exe', 'pid': 8332}, 'timestamp': '2026-05-24T10:19:45.365537+00:00'}
2026-05-24 13:19:46,464 - server - INFO - Event processed: {'sid': 'S-1-5-21-1782710462-1921316265-2944239350-1001', 'event_name': 'APP_STARTED', 'metadata': {'app': 'ApplicationFrameHost.exe', 'pid': 8400}, 'timestamp': '2026-05-24T10:19:45.365918+00:00'}
2026-05-24 13:19:46,464 - server - INFO - Event processed: {'sid': 'S-1-5-21-1782710462-1921316265-2944239350-1001', 'event_name': 'APP_STARTED', 'metadata': {'app': 'Code.exe', 'pid': 8628}, 'timestamp': '2026-05-24T10:19:45.366441+00:00'}
2026-05-24 13:19:46,464 - server - INFO - Event processed: {'sid': 'S-1-5-21-1782710462-1921316265-2944239350-1001', 'event_name': 'APP_STARTED', 'metadata': {'app': 'UserOOBEBroker.exe', 'pid': 8704}, 'timestamp': '2026-05-24T10:19:45.366948+00:00'}
2026-05-24 13:19:46,471 - server - INFO - Event processed: {'sid': 'S-1-5-21-1782710462-1921316265-2944239350-1001', 'event_name': 'APP_STARTED', 'metadata': {'app': 'msedge.exe', 'pid': 8888}, 'timestamp': '2026-05-24T10:19:45.367424+00:00'}
2026-05-24 13:19:46,471 - server - INFO - Event processed: {'sid': 'S-1-5-21-1782710462-1921316265-2944239350-1001', 'event_name': 'APP_STARTED', 'metadata': {'app': 'msedgewebview2.exe', 'pid': 9000}, 'timestamp': '2026-05-24T10:19:45.367865+00:00'}
2026-05-24 13:19:46,474 - server - INFO - Event processed: {'sid': 'S-1-5-21-1782710462-1921316265-2944239350-1001', 'event_name': 'APP_STARTED', 'metadata': {'app': 'RAVBg64.exe', 'pid': 9068}, 'timestamp': '2026-05-24T10:19:45.368100+00:00'}
2026-05-24 13:19:46,474 - server - INFO - Event processed: {'sid': 'S-1-5-21-1782710462-1921316265-2944239350-1001', 'event_name': 'APP_STARTED', 'metadata': {'app': 'svchost.exe', 'pid': 9276}, 'timestamp': '2026-05-24T10:19:45.368298+00:00'}
2026-05-24 13:19:46,474 - server - INFO - Event processed: {'sid': 'S-1-5-21-1782710462-1921316265-2944239350-1001', 'event_name': 'APP_STARTED', 'metadata': {'app': 'SecurityHealthSystray.exe', 'pid': 9352}, 'timestamp': '2026-05-24T10:19:45.368472+00:00'}
2026-05-24 13:19:46,474 - server - INFO - Event processed: {'sid': 'S-1-5-21-1782710462-1921316265-2944239350-1001', 'event_name': 'APP_STARTED', 'metadata': {'app': 'msedge.exe', 'pid': 9376}, 'timestamp': '2026-05-24T10:19:45.368639+00:00'}
2026-05-24 13:19:46,480 - server - INFO - Event processed: {'sid': 'S-1-5-21-1782710462-1921316265-2944239350-1001', 'event_name': 'APP_STARTED', 'metadata': {'app': 'msedge.exe', 'pid': 9488}, 'timestamp': '2026-05-24T10:19:45.369083+00:00'}
2026-05-24 13:19:46,480 - server - INFO - Event processed: {'sid': 'S-1-5-21-1782710462-1921316265-2944239350-1001', 'event_name': 'APP_STARTED', 'metadata': {'app': 'msedgewebview2.exe', 'pid': 9860}, 'timestamp': '2026-05-24T10:19:45.371065+00:00'}
2026-05-24 13:19:46,480 - server - INFO - Event processed: {'sid': 'S-1-5-21-1782710462-1921316265-2944239350-1001', 'event_name': 'APP_STARTED', 'metadata': {'app': 'msedgewebview2.exe', 'pid': 9876}, 'timestamp': '2026-05-24T10:19:45.371433+00:00'}
2026-05-24 13:19:46,485 - server - INFO - Event processed: {'sid': 'S-1-5-21-1782710462-1921316265-2944239350-1001', 'event_name': 'APP_STARTED', 'metadata': {'app': 'conhost.exe', 'pid': 10220}, 'timestamp': '2026-05-24T10:19:45.372289+00:00'}
2026-05-24 13:19:46,487 - server - INFO - Event processed: {'sid': 'S-1-5-21-1782710462-1921316265-2944239350-1001', 'event_name': 'APP_STARTED', 'metadata': {'app': 'PhoneExperienceHost.exe', 'pid': 10228}, 'timestamp': '2026-05-24T10:19:45.372702+00:00'}
2026-05-24 13:19:46,488 - server - INFO - Event processed: {'sid': 'S-1-5-21-1782710462-1921316265-2944239350-1001', 'event_name': 'APP_STARTED', 'metadata': {'app': 'Code.exe', 'pid': 10456}, 'timestamp': '2026-05-24T10:19:45.372984+00:00'}
2026-05-24 13:19:46,491 - server - INFO - Event processed: {'sid': 'S-1-5-21-1782710462-1921316265-2944239350-1001', 'event_name': 'APP_STARTED', 'metadata': {'app': 'RuntimeBroker.exe', 'pid': 11092}, 'timestamp': '2026-05-24T10:19:45.373401+00:00'}
2026-05-24 13:19:46,491 - server - INFO - Event processed: {'sid': 'S-1-5-21-1782710462-1921316265-2944239350-1001', 'event_name': 'APP_STARTED', 'metadata': {'app': 'OneDrive.Sync.Service.exe', 'pid': 11256}, 'timestamp': '2026-05-24T10:19:45.374046+00:00'}
2026-05-24 13:19:46,491 - server - INFO - Event processed: {'sid': 'S-1-5-21-1782710462-1921316265-2944239350-1001', 'event_name': 'APP_STARTED', 'metadata': {'app': 'SystemSettings.exe', 'pid': 11260}, 'timestamp': '2026-05-24T10:19:45.374447+00:00'}
2026-05-24 13:19:46,491 - server - INFO - Event processed: {'sid': 'S-1-5-21-1782710462-1921316265-2944239350-1001', 'event_name': 'APP_STARTED', 'metadata': {'app': 'msedgewebview2.exe', 'pid': 11332}, 'timestamp': '2026-05-24T10:19:45.374728+00:00'}
2026-05-24 13:19:46,497 - server - INFO - Event processed: {'sid': 'S-1-5-21-1782710462-1921316265-2944239350-1001', 'event_name': 'APP_STARTED', 'metadata': {'app': 'Code.exe', 'pid': 11760}, 'timestamp': '2026-05-24T10:19:45.375998+00:00'}
2026-05-24 13:19:46,499 - server - INFO - Event processed: {'sid': 'S-1-5-21-1782710462-1921316265-2944239350-1001', 'event_name': 'APP_STARTED', 'metadata': {'app': 'msedgewebview2.exe', 'pid': 12048}, 'timestamp': '2026-05-24T10:19:45.376664+00:00'}
2026-05-24 13:19:46,499 - server - INFO - Event processed: {'sid': 'S-1-5-21-1782710462-1921316265-2944239350-1001', 'event_name': 'APP_STARTED', 'metadata': {'app': 'RuntimeBroker.exe', 'pid': 12084}, 'timestamp': '2026-05-24T10:19:45.376910+00:00'}
2026-05-24 13:19:46,499 - server - INFO - Event processed: {'sid': 'S-1-5-21-1782710462-1921316265-2944239350-1001', 'event_name': 'APP_STARTED', 'metadata': {'app': 'Code.exe', 'pid': 12296}, 'timestamp': '2026-05-24T10:19:45.377148+00:00'}
2026-05-24 13:19:46,505 - server - INFO - Event processed: {'sid': 'S-1-5-21-1782710462-1921316265-2944239350-1001', 'event_name': 'APP_STARTED', 'metadata': {'app': 'msedge.exe', 'pid': 12424}, 'timestamp': '2026-05-24T10:19:45.377720+00:00'}
2026-05-24 13:19:46,507 - server - INFO - Event processed: {'sid': 'S-1-5-21-1782710462-1921316265-2944239350-1001', 'event_name': 'APP_STARTED', 'metadata': {'app': 'msedgewebview2.exe', 'pid': 12564}, 'timestamp': '2026-05-24T10:19:45.377986+00:00'}
2026-05-24 13:19:46,507 - server - INFO - Event processed: {'sid': 'S-1-5-21-1782710462-1921316265-2944239350-1001', 'event_name': 'APP_STARTED', 'metadata': {'app': 'Taskmgr.exe', 'pid': 12784}, 'timestamp': '2026-05-24T10:19:45.378640+00:00'}
2026-05-24 13:19:46,509 - server - INFO - Event processed: {'sid': 'S-1-5-21-1782710462-1921316265-2944239350-1001', 'event_name': 'APP_STARTED', 'metadata': {'app': 'conhost.exe', 'pid': 13032}, 'timestamp': '2026-05-24T10:19:45.379061+00:00'}
2026-05-24 13:19:46,509 - server - INFO - Event processed: {'sid': 'S-1-5-21-1782710462-1921316265-2944239350-1001', 'event_name': 'APP_STARTED', 'metadata': {'app': 'msedgewebview2.exe', 'pid': 13252}, 'timestamp': '2026-05-24T10:19:45.381296+00:00'}
2026-05-24 13:19:46,509 - server - INFO - Event processed: {'sid': 'S-1-5-21-1782710462-1921316265-2944239350-1001', 'event_name': 'APP_STARTED', 'metadata': {'app': 'pet.exe', 'pid': 13536}, 'timestamp': '2026-05-24T10:19:45.385615+00:00'}
2026-05-24 13:19:46,514 - server - INFO - Event processed: {'sid': 'S-1-5-21-1782710462-1921316265-2944239350-1001', 'event_name': 'APP_STARTED', 'metadata': {'app': 'msedge.exe', 'pid': 14300}, 'timestamp': '2026-05-24T10:19:45.386705+00:00'}
2026-05-24 13:19:46,516 - server - INFO - Event processed: {'sid': 'S-1-5-21-1782710462-1921316265-2944239350-1001', 'event_name': 'APP_STARTED', 'metadata': {'app': 'Code.exe', 'pid': 14388}, 'timestamp': '2026-05-24T10:19:45.387040+00:00'}
2026-05-24 13:19:46,516 - server - INFO - Event processed: {'sid': 'S-1-5-21-1782710462-1921316265-2944239350-1001', 'event_name': 'APP_STARTED', 'metadata': {'app': 'Code.exe', 'pid': 14644}, 'timestamp': '2026-05-24T10:19:45.387656+00:00'}
2026-05-24 13:19:46,516 - server - INFO - Event processed: {'sid': 'S-1-5-21-1782710462-1921316265-2944239350-1001', 'event_name': 'APP_STARTED', 'metadata': {'app': 'cmd.exe', 'pid': 14756}, 'timestamp': '2026-05-24T10:19:45.387979+00:00'}
2026-05-24 13:19:46,520 - server - INFO - Event processed: {'sid': 'S-1-5-21-1782710462-1921316265-2944239350-1001', 'event_name': 'APP_STARTED', 'metadata': {'app': 'mmc.exe', 'pid': 14960}, 'timestamp': '2026-05-24T10:19:45.388413+00:00'}
2026-05-24 13:19:46,521 - server - INFO - Event processed: {'sid': 'S-1-5-21-1782710462-1921316265-2944239350-1001', 'event_name': 'APP_STARTED', 'metadata': {'app': 'msedge.exe', 'pid': 15120}, 'timestamp': '2026-05-24T10:19:45.389071+00:00'}
2026-05-24 13:19:46,521 - server - INFO - Event processed: {'sid': 'S-1-5-21-1782710462-1921316265-2944239350-1001', 'event_name': 'APP_STARTED', 'metadata': {'app': 'LockApp.exe', 'pid': 15836}, 'timestamp': '2026-05-24T10:19:45.389751+00:00'}
2026-05-24 13:19:46,524 - server - INFO - Event processed: {'sid': 'S-1-5-21-1782710462-1921316265-2944239350-1001', 'event_name': 'APP_STARTED', 'metadata': {'app': 'Code.exe', 'pid': 15868}, 'timestamp': '2026-05-24T10:19:45.389916+00:00'}
2026-05-24 13:19:46,524 - server - INFO - Event processed: {'sid': 'S-1-5-21-1782710462-1921316265-2944239350-1001', 'event_name': 'APP_STARTED', 'metadata': {'app': 'RuntimeBroker.exe', 'pid': 16128}, 'timestamp': '2026-05-24T10:19:45.390107+00:00'}
2026-05-24 13:19:46,528 - server - INFO - Event processed: {'sid': 'S-1-5-21-1782710462-1921316265-2944239350-1001', 'event_name': 'APP_STARTED', 'metadata': {'app': 'net1.exe', 'pid': 16192}, 'timestamp': '2026-05-24T10:19:45.390315+00:00'}
2026-05-24 13:19:46,530 - server - INFO - Event processed: {'sid': 'S-1-5-21-1782710462-1921316265-2944239350-1001', 'event_name': 'APP_STARTED', 'metadata': {'app': 'msedge.exe', 'pid': 16488}, 'timestamp': '2026-05-24T10:19:45.390490+00:00'}
2026-05-24 13:19:46,530 - server - INFO - Event processed: {'sid': 'S-1-5-21-1782710462-1921316265-2944239350-1001', 'event_name': 'APP_STARTED', 'metadata': {'app': 'pet.exe', 'pid': 16892}, 'timestamp': '2026-05-24T10:19:45.391825+00:00'}
2026-05-24 13:19:51,557 - server - INFO - Event processed: {'sid': 'S-1-5-21-1782710462-1921316265-2944239350-1001', 'event_name': 'APP_STOPPED', 'metadata': {'app': 'net.exe', 'pid': 3176}, 'timestamp': '2026-05-24T10:19:50.530914+00:00'}
2026-05-24 13:19:51,571 - server - INFO - Event processed: {'sid': 'S-1-5-21-1782710462-1921316265-2944239350-1001', 'event_name': 'APP_STOPPED', 'metadata': {'app': 'net1.exe', 'pid': 16192}, 'timestamp': '2026-05-24T10:19:50.530982+00:00'}
2026-05-24 13:20:21,897 - server - INFO - Event processed: {'sid': 'S-1-5-21-1782710462-1921316265-2944239350-1001', 'event_name': 'APP_STARTED', 'metadata': {'app': 'notepad.exe', 'pid': 13520}, 'timestamp': '2026-05-24T10:20:20.902738+00:00'}
2026-05-24 13:20:21,898 - server - INFO - Pushing time_up command to SID S-1-5-21-1782710462-1921316265-2944239350-1001 for app notepad.exe
2026-05-24 13:20:21,899 - server - INFO - Sent time_up command to S-1-5-21-1782710462-1921316265-2944239350-1001
2026-05-24 13:20:21,906 - server - INFO - Event processed: {'sid': 'S-1-5-21-1782710462-1921316265-2944239350-1001', 'event_name': 'APP_STARTED', 'metadata': {'app': 'smartscreen.exe', 'pid': 16180}, 'timestamp': '2026-05-24T10:20:20.904977+00:00'}
2026-05-24 13:20:26,206 - server - INFO - Session overdue for SID S-1-5-21-1782710462-1921316265-2944239350-1001, app notepad.exe: used=3.00, active=0.00, allowed=0.0
2026-05-24 13:20:26,206 - server - INFO - Pushing time_up command to SID S-1-5-21-1782710462-1921316265-2944239350-1001 for app notepad.exe
2026-05-24 13:20:26,207 - server - INFO - Sent time_up command to S-1-5-21-1782710462-1921316265-2944239350-1001
2026-05-24 13:21:06,523 - server - INFO - Unregistered client for SID S-1-5-21-1782710462-1921316265-2944239350-1001
2026-05-24 13:21:06,523 - server - INFO - Connection closed for ('192.168.1.248', 50021)
